[2025-06-01 13:43:04] -ReimuHakurei- has joined the game!
[2025-06-01 13:43:06] -ReimuHakurei- has left the game
[2025-06-01 16:50:38] -ReimuHakurei- has joined the game!
[2025-06-01 16:50:40] -ReimuHakurei- started the game from menu
[2025-06-01 16:50:40] [2025-06-01 16:50:40] An Error in Game has been Occurred! Exception Traceback: 
Traceback (most recent call last):
  File "/Users/angelina/Documents/Projekt_git/Battle-City-Remake/battle_city_remake/game.py", line 44, in <module>
    game()
  File "/Users/angelina/Documents/Projekt_git/Battle-City-Remake/battle_city_remake/game.py", line 34, in game
    curr_scene.draw()
  File "/Users/angelina/Documents/Projekt_git/Battle-City-Remake/battle_city_remake/scenes/game_scene.py", line 84, in draw
    for enemy in self.enemies:
                 ^^^^^^^^^^^^
AttributeError: 'GameScene' object has no attribute 'enemies'
 
    
-ReimuHakurei- has left the game.
[2025-06-01 16:52:39] -ReimuHakurei- has joined the game!
[2025-06-01 16:52:40] -ReimuHakurei- started the game from menu
[2025-06-01 16:52:40] [2025-06-01 16:52:40] An Error in Game has been Occurred! Exception Traceback: 
Traceback (most recent call last):
  File "/Users/angelina/Documents/Projekt_git/Battle-City-Remake/battle_city_remake/game.py", line 44, in <module>
    game()
  File "/Users/angelina/Documents/Projekt_git/Battle-City-Remake/battle_city_remake/game.py", line 34, in game
    curr_scene.draw()
  File "/Users/angelina/Documents/Projekt_git/Battle-City-Remake/battle_city_remake/scenes/game_scene.py", line 104, in draw
    self.player.draw(self.screen)
    ^^^^^^^^^^^^^^^^
AttributeError: 'Player' object has no attribute 'draw'
 
    
-ReimuHakurei- has left the game.
[2025-06-01 17:00:12] -ReimuHakurei- has joined the game!
[2025-06-01 17:00:13] 🟢 Player started the game from menu
[2025-06-01 17:00:22] ➡️ Player moved to (100, 104)
[2025-06-01 17:00:22] ➡️ Player moved to (100, 108)
[2025-06-01 17:00:22] ➡️ Player moved to (100, 112)
[2025-06-01 17:00:22] ➡️ Player moved to (100, 116)
[2025-06-01 17:00:22] ➡️ Player moved to (100, 120)
[2025-06-01 17:00:22] ➡️ Player moved to (100, 124)
[2025-06-01 17:00:22] ➡️ Player moved to (100, 128)
[2025-06-01 17:00:22] ➡️ Player moved to (100, 132)
[2025-06-01 17:00:22] ➡️ Player moved to (100, 136)
[2025-06-01 17:00:22] ➡️ Player moved to (100, 140)
[2025-06-01 17:00:22] ➡️ Player moved to (100, 144)
[2025-06-01 17:00:22] ➡️ Player moved to (100, 148)
[2025-06-01 17:00:22] ➡️ Player moved to (100, 152)
[2025-06-01 17:00:22] ➡️ Player moved to (100, 156)
[2025-06-01 17:00:22] ➡️ Player moved to (100, 160)
[2025-06-01 17:00:23] ➡️ Player moved to (104, 160)
[2025-06-01 17:00:23] ➡️ Player moved to (108, 160)
[2025-06-01 17:00:23] ➡️ Player moved to (112, 160)
[2025-06-01 17:00:23] ➡️ Player moved to (116, 160)
[2025-06-01 17:00:23] ➡️ Player moved to (120, 160)
[2025-06-01 17:00:23] ➡️ Player moved to (124, 160)
[2025-06-01 17:00:23] ➡️ Player moved to (128, 160)
[2025-06-01 17:00:23] ➡️ Player moved to (132, 160)
[2025-06-01 17:00:23] ➡️ Player moved to (136, 160)
[2025-06-01 17:00:23] ➡️ Player moved to (140, 160)
[2025-06-01 17:00:23] ➡️ Player moved to (144, 160)
[2025-06-01 17:00:23] ➡️ Player moved to (148, 160)
[2025-06-01 17:00:23] ➡️ Player moved to (152, 160)
[2025-06-01 17:00:23] ➡️ Player moved to (156, 160)
[2025-06-01 17:00:23] ➡️ Player moved to (160, 160)
[2025-06-01 17:00:23] ➡️ Player moved to (164, 160)
[2025-06-01 17:00:23] ➡️ Player moved to (168, 160)
[2025-06-01 17:00:23] ➡️ Player moved to (172, 160)
[2025-06-01 17:00:23] ➡️ Player moved to (176, 160)
[2025-06-01 17:00:23] ➡️ Player moved to (180, 160)
[2025-06-01 17:00:23] ➡️ Player moved to (184, 160)
[2025-06-01 17:00:23] ➡️ Player moved to (188, 160)
[2025-06-01 17:00:23] ➡️ Player moved to (192, 160)
[2025-06-01 17:00:23] ➡️ Player moved to (196, 160)
[2025-06-01 17:00:23] ➡️ Player moved to (200, 160)
[2025-06-01 17:00:23] ➡️ Player moved to (204, 160)
[2025-06-01 17:00:24] ➡️ Player moved to (208, 160)
[2025-06-01 17:00:24] ➡️ Player moved to (212, 160)
[2025-06-01 17:00:24] ➡️ Player moved to (216, 160)
[2025-06-01 17:00:24] ➡️ Player moved to (220, 160)
[2025-06-01 17:00:24] ➡️ Player moved to (224, 160)
[2025-06-01 17:00:24] ➡️ Player moved to (228, 160)
[2025-06-01 17:00:24] ➡️ Player moved to (232, 160)
[2025-06-01 17:00:24] ➡️ Player moved to (236, 160)
[2025-06-01 17:00:24] ➡️ Player moved to (240, 160)
[2025-06-01 17:00:24] ➡️ Player moved to (244, 160)
[2025-06-01 17:00:24] ➡️ Player moved to (248, 160)
[2025-06-01 17:00:24] ➡️ Player moved to (252, 160)
[2025-06-01 17:00:24] ➡️ Player moved to (256, 160)
[2025-06-01 17:00:24] ➡️ Player moved to (260, 160)
[2025-06-01 17:00:24] ➡️ Player moved to (264, 160)
[2025-06-01 17:00:24] ➡️ Player moved to (268, 160)
[2025-06-01 17:00:24] ➡️ Player moved to (272, 160)
[2025-06-01 17:00:24] ➡️ Player moved to (276, 160)
[2025-06-01 17:00:24] ➡️ Player moved to (280, 160)
[2025-06-01 17:00:24] ➡️ Player moved to (284, 160)
[2025-06-01 17:00:24] ➡️ Player moved to (288, 160)
[2025-06-01 17:00:24] ➡️ Player moved to (292, 160)
[2025-06-01 17:00:24] ➡️ Player moved to (296, 160)
[2025-06-01 17:00:24] ➡️ Player moved to (300, 160)
[2025-06-01 17:00:24] ➡️ Player moved to (304, 160)
[2025-06-01 17:00:24] ➡️ Player moved to (308, 160)
[2025-06-01 17:00:24] ➡️ Player moved to (312, 160)
[2025-06-01 17:00:24] ➡️ Player moved to (316, 160)
[2025-06-01 17:00:24] ➡️ Player moved to (320, 160)
[2025-06-01 17:00:24] ➡️ Player moved to (324, 160)
[2025-06-01 17:00:24] ➡️ Player moved to (328, 160)
[2025-06-01 17:00:24] ➡️ Player moved to (332, 160)
[2025-06-01 17:00:24] ➡️ Player moved to (336, 160)
[2025-06-01 17:00:24] ➡️ Player moved to (340, 160)
[2025-06-01 17:00:24] ➡️ Player moved to (344, 160)
[2025-06-01 17:00:24] ➡️ Player moved to (348, 160)
[2025-06-01 17:00:24] ➡️ Player moved to (352, 160)
[2025-06-01 17:00:24] ➡️ Player moved to (356, 160)
[2025-06-01 17:00:24] ➡️ Player moved to (360, 160)
[2025-06-01 17:00:24] ❌ Player hit an obstacle!
[2025-06-01 17:00:24] ❌ Player hit an obstacle!
[2025-06-01 17:00:24] ❌ Player hit an obstacle!
[2025-06-01 17:00:24] ❌ Player hit an obstacle!
[2025-06-01 17:00:24] ❌ Player hit an obstacle!
[2025-06-01 17:00:24] ❌ Player hit an obstacle!
[2025-06-01 17:00:24] ❌ Player hit an obstacle!
[2025-06-01 17:00:24] ❌ Player hit an obstacle!
[2025-06-01 17:00:25] ❌ Player hit an obstacle!
[2025-06-01 17:00:25] ❌ Player hit an obstacle!
[2025-06-01 17:00:25] ❌ Player hit an obstacle!
[2025-06-01 17:00:25] ❌ Player hit an obstacle!
[2025-06-01 17:00:25] ❌ Player hit an obstacle!
[2025-06-01 17:00:25] ❌ Player hit an obstacle!
[2025-06-01 17:00:25] ❌ Player hit an obstacle!
[2025-06-01 17:00:25] ❌ Player hit an obstacle!
[2025-06-01 17:00:25] ❌ Player hit an obstacle!
[2025-06-01 17:00:25] ❌ Player hit an obstacle!
[2025-06-01 17:00:25] ❌ Player hit an obstacle!
[2025-06-01 17:00:25] ❌ Player hit an obstacle!
[2025-06-01 17:00:25] ❌ Player hit an obstacle!
[2025-06-01 17:00:25] ❌ Player hit an obstacle!
[2025-06-01 17:00:25] ❌ Player hit an obstacle!
[2025-06-01 17:00:25] ❌ Player hit an obstacle!
[2025-06-01 17:00:25] ❌ Player hit an obstacle!
[2025-06-01 17:00:25] ❌ Player hit an obstacle!
[2025-06-01 17:00:25] ❌ Player hit an obstacle!
[2025-06-01 17:00:25] ❌ Player hit an obstacle!
[2025-06-01 17:00:25] ❌ Player hit an obstacle!
[2025-06-01 17:00:25] ❌ Player hit an obstacle!
[2025-06-01 17:00:25] ❌ Player hit an obstacle!
[2025-06-01 17:00:25] ❌ Player hit an obstacle!
[2025-06-01 17:00:25] ❌ Player hit an obstacle!
[2025-06-01 17:00:25] ❌ Player hit an obstacle!
[2025-06-01 17:00:25] ❌ Player hit an obstacle!
[2025-06-01 17:00:25] ❌ Player hit an obstacle!
[2025-06-01 17:00:25] ❌ Player hit an obstacle!
[2025-06-01 17:00:25] ❌ Player hit an obstacle!
[2025-06-01 17:00:26] ➡️ Player moved to (356, 160)
[2025-06-01 17:00:26] ➡️ Player moved to (352, 160)
[2025-06-01 17:00:26] ➡️ Player moved to (348, 160)
[2025-06-01 17:00:26] ➡️ Player moved to (344, 160)
[2025-06-01 17:00:26] ➡️ Player moved to (340, 160)
[2025-06-01 17:00:26] ➡️ Player moved to (336, 160)
[2025-06-01 17:00:26] ➡️ Player moved to (332, 160)
[2025-06-01 17:00:26] ➡️ Player moved to (328, 160)
[2025-06-01 17:00:26] ➡️ Player moved to (324, 160)
[2025-06-01 17:00:26] ➡️ Player moved to (320, 160)
[2025-06-01 17:00:26] ➡️ Player moved to (316, 160)
[2025-06-01 17:00:26] ➡️ Player moved to (312, 160)
[2025-06-01 17:00:26] ➡️ Player moved to (308, 160)
[2025-06-01 17:00:26] ➡️ Player moved to (304, 160)
[2025-06-01 17:00:26] ➡️ Player moved to (300, 160)
[2025-06-01 17:00:26] ➡️ Player moved to (296, 160)
[2025-06-01 17:00:26] ➡️ Player moved to (292, 160)
[2025-06-01 17:00:26] ➡️ Player moved to (288, 160)
[2025-06-01 17:00:26] ➡️ Player moved to (284, 160)
[2025-06-01 17:00:26] ➡️ Player moved to (280, 160)
[2025-06-01 17:00:27] ➡️ Player moved to (280, 164)
[2025-06-01 17:00:27] ➡️ Player moved to (280, 168)
[2025-06-01 17:00:27] ➡️ Player moved to (280, 172)
[2025-06-01 17:00:27] ➡️ Player moved to (280, 176)
[2025-06-01 17:00:27] ➡️ Player moved to (280, 180)
[2025-06-01 17:00:27] ➡️ Player moved to (280, 184)
[2025-06-01 17:00:27] ➡️ Player moved to (280, 188)
[2025-06-01 17:00:27] ➡️ Player moved to (280, 192)
[2025-06-01 17:00:27] ➡️ Player moved to (280, 196)
[2025-06-01 17:00:28] ➡️ Player moved to (280, 200)
[2025-06-01 17:00:28] ➡️ Player moved to (280, 204)
[2025-06-01 17:00:28] ➡️ Player moved to (280, 208)
[2025-06-01 17:00:28] ➡️ Player moved to (284, 208)
[2025-06-01 17:00:28] ➡️ Player moved to (288, 208)
[2025-06-01 17:00:28] ➡️ Player moved to (292, 208)
[2025-06-01 17:00:28] ➡️ Player moved to (296, 208)
[2025-06-01 17:00:28] ➡️ Player moved to (300, 208)
[2025-06-01 17:00:28] ➡️ Player moved to (304, 208)
[2025-06-01 17:00:28] ➡️ Player moved to (308, 208)
[2025-06-01 17:00:28] ➡️ Player moved to (312, 208)
[2025-06-01 17:00:28] ➡️ Player moved to (316, 208)
[2025-06-01 17:00:28] -ReimuHakurei- shot bullet at (1, 0)
[2025-06-01 17:00:29] -ReimuHakurei- shot bullet at (1, 0)
[2025-06-01 17:00:33] ➡️ Player moved to (320, 208)
[2025-06-01 17:00:33] ➡️ Player moved to (324, 208)
[2025-06-01 17:00:33] ➡️ Player moved to (328, 208)
[2025-06-01 17:00:33] ➡️ Player moved to (332, 208)
[2025-06-01 17:00:34] ➡️ Player moved to (336, 208)
[2025-06-01 17:00:34] ➡️ Player moved to (340, 208)
[2025-06-01 17:00:34] ➡️ Player moved to (344, 208)
[2025-06-01 17:00:34] ➡️ Player moved to (348, 208)
[2025-06-01 17:00:34] ➡️ Player moved to (352, 208)
[2025-06-01 17:00:34] ➡️ Player moved to (356, 208)
[2025-06-01 17:00:34] ➡️ Player moved to (360, 208)
[2025-06-01 17:00:34] ➡️ Player moved to (364, 208)
[2025-06-01 17:00:34] ➡️ Player moved to (368, 208)
[2025-06-01 17:00:34] ➡️ Player moved to (372, 208)
[2025-06-01 17:00:34] ➡️ Player moved to (376, 208)
[2025-06-01 17:00:34] ➡️ Player moved to (380, 208)
[2025-06-01 17:00:34] ➡️ Player moved to (384, 208)
[2025-06-01 17:00:34] ➡️ Player moved to (388, 208)
[2025-06-01 17:00:34] ➡️ Player moved to (392, 208)
[2025-06-01 17:00:34] ➡️ Player moved to (396, 208)
[2025-06-01 17:00:34] ➡️ Player moved to (400, 208)
[2025-06-01 17:00:34] ➡️ Player moved to (404, 208)
[2025-06-01 17:00:34] ➡️ Player moved to (408, 208)
[2025-06-01 17:00:34] ➡️ Player moved to (412, 208)
[2025-06-01 17:00:34] ➡️ Player moved to (416, 208)
[2025-06-01 17:00:34] ➡️ Player moved to (420, 208)
[2025-06-01 17:00:34] ➡️ Player moved to (424, 208)
[2025-06-01 17:00:34] ➡️ Player moved to (428, 208)
[2025-06-01 17:00:34] ➡️ Player moved to (432, 208)
[2025-06-01 17:00:34] ➡️ Player moved to (436, 208)
[2025-06-01 17:00:34] ➡️ Player moved to (440, 208)
[2025-06-01 17:00:34] ➡️ Player moved to (444, 208)
[2025-06-01 17:00:34] ➡️ Player moved to (448, 208)
[2025-06-01 17:00:34] ➡️ Player moved to (452, 208)
[2025-06-01 17:00:34] ➡️ Player moved to (456, 208)
[2025-06-01 17:00:34] ➡️ Player moved to (460, 208)
[2025-06-01 17:00:34] ➡️ Player moved to (464, 208)
[2025-06-01 17:00:34] ➡️ Player moved to (468, 208)
[2025-06-01 17:00:34] ➡️ Player moved to (472, 208)
[2025-06-01 17:00:34] ➡️ Player moved to (476, 208)
[2025-06-01 17:00:34] ➡️ Player moved to (480, 208)
[2025-06-01 17:00:34] ➡️ Player moved to (484, 208)
[2025-06-01 17:00:34] ➡️ Player moved to (488, 208)
[2025-06-01 17:00:34] ➡️ Player moved to (492, 208)
[2025-06-01 17:00:34] ➡️ Player moved to (496, 208)
[2025-06-01 17:00:34] ➡️ Player moved to (500, 208)
[2025-06-01 17:00:34] ➡️ Player moved to (504, 208)
[2025-06-01 17:00:34] ➡️ Player moved to (508, 208)
[2025-06-01 17:00:34] ➡️ Player moved to (512, 208)
[2025-06-01 17:00:34] ➡️ Player moved to (516, 208)
[2025-06-01 17:00:34] ➡️ Player moved to (520, 208)
[2025-06-01 17:00:34] ➡️ Player moved to (524, 208)
[2025-06-01 17:00:34] ➡️ Player moved to (528, 208)
[2025-06-01 17:00:34] ➡️ Player moved to (532, 208)
[2025-06-01 17:00:34] ➡️ Player moved to (536, 208)
[2025-06-01 17:00:34] ➡️ Player moved to (540, 208)
[2025-06-01 17:00:34] ➡️ Player moved to (544, 208)
[2025-06-01 17:00:35] ➡️ Player moved to (548, 208)
[2025-06-01 17:00:35] ➡️ Player moved to (552, 208)
[2025-06-01 17:00:35] ➡️ Player moved to (556, 208)
[2025-06-01 17:00:35] ➡️ Player moved to (560, 208)
[2025-06-01 17:00:35] ➡️ Player moved to (564, 208)
[2025-06-01 17:00:35] ➡️ Player moved to (568, 208)
[2025-06-01 17:00:35] ➡️ Player moved to (572, 208)
[2025-06-01 17:00:35] ➡️ Player moved to (576, 208)
[2025-06-01 17:00:35] ➡️ Player moved to (580, 208)
[2025-06-01 17:00:35] ➡️ Player moved to (584, 208)
[2025-06-01 17:00:35] ➡️ Player moved to (588, 208)
[2025-06-01 17:00:35] ➡️ Player moved to (592, 208)
[2025-06-01 17:00:35] ➡️ Player moved to (596, 208)
[2025-06-01 17:00:37] ➡️ Player moved to (596, 212)
[2025-06-01 17:00:37] ➡️ Player moved to (596, 216)
[2025-06-01 17:00:37] ➡️ Player moved to (596, 220)
[2025-06-01 17:00:37] ➡️ Player moved to (596, 224)
[2025-06-01 17:00:37] ➡️ Player moved to (596, 228)
[2025-06-01 17:00:37] ➡️ Player moved to (596, 232)
[2025-06-01 17:00:37] ➡️ Player moved to (596, 236)
[2025-06-01 17:00:37] ➡️ Player moved to (596, 240)
[2025-06-01 17:00:37] ➡️ Player moved to (596, 244)
[2025-06-01 17:00:37] ➡️ Player moved to (596, 248)
[2025-06-01 17:00:37] ➡️ Player moved to (596, 252)
[2025-06-01 17:00:37] ➡️ Player moved to (596, 256)
[2025-06-01 17:00:37] ➡️ Player moved to (596, 260)
[2025-06-01 17:00:37] ➡️ Player moved to (596, 264)
[2025-06-01 17:00:37] ➡️ Player moved to (596, 268)
[2025-06-01 17:00:37] ➡️ Player moved to (596, 272)
[2025-06-01 17:00:37] ➡️ Player moved to (596, 276)
[2025-06-01 17:00:37] ➡️ Player moved to (596, 280)
[2025-06-01 17:00:37] ➡️ Player moved to (596, 284)
[2025-06-01 17:00:37] ➡️ Player moved to (596, 288)
[2025-06-01 17:00:37] ➡️ Player moved to (596, 292)
[2025-06-01 17:00:37] -ReimuHakurei- hit by enemy! Health: 2
[2025-06-01 17:00:37] ➡️ Player moved to (100, 104)
[2025-06-01 17:00:37] ➡️ Player moved to (100, 108)
[2025-06-01 17:00:38] ➡️ Player moved to (100, 112)
[2025-06-01 17:00:38] ➡️ Player moved to (100, 116)
[2025-06-01 17:00:38] ➡️ Player moved to (100, 120)
[2025-06-01 17:00:38] ➡️ Player moved to (100, 124)
[2025-06-01 17:00:38] ➡️ Player moved to (100, 128)
[2025-06-01 17:00:38] ➡️ Player moved to (100, 132)
[2025-06-01 17:00:38] ➡️ Player moved to (100, 136)
[2025-06-01 17:00:38] ➡️ Player moved to (100, 140)
[2025-06-01 17:00:38] ➡️ Player moved to (100, 144)
[2025-06-01 17:00:38] ➡️ Player moved to (100, 148)
[2025-06-01 17:00:38] ➡️ Player moved to (100, 152)
[2025-06-01 17:00:38] ➡️ Player moved to (100, 156)
[2025-06-01 17:00:38] ➡️ Player moved to (100, 160)
[2025-06-01 17:00:38] ➡️ Player moved to (100, 164)
[2025-06-01 17:00:38] ➡️ Player moved to (100, 168)
[2025-06-01 17:00:38] ➡️ Player moved to (100, 172)
[2025-06-01 17:00:38] ➡️ Player moved to (100, 176)
[2025-06-01 17:00:38] ➡️ Player moved to (100, 180)
[2025-06-01 17:00:38] ➡️ Player moved to (100, 184)
[2025-06-01 17:00:38] ➡️ Player moved to (100, 188)
[2025-06-01 17:00:38] ➡️ Player moved to (100, 192)
[2025-06-01 17:00:38] ➡️ Player moved to (100, 196)
[2025-06-01 17:00:38] ➡️ Player moved to (100, 200)
[2025-06-01 17:00:38] ➡️ Player moved to (100, 204)
[2025-06-01 17:00:38] ➡️ Player moved to (100, 208)
[2025-06-01 17:00:38] ➡️ Player moved to (100, 212)
[2025-06-01 17:00:38] ➡️ Player moved to (100, 216)
[2025-06-01 17:00:38] ➡️ Player moved to (100, 220)
[2025-06-01 17:00:38] ➡️ Player moved to (100, 224)
[2025-06-01 17:00:38] ➡️ Player moved to (100, 228)
[2025-06-01 17:00:38] ➡️ Player moved to (100, 232)
[2025-06-01 17:00:38] ➡️ Player moved to (100, 236)
[2025-06-01 17:00:38] ➡️ Player moved to (100, 240)
[2025-06-01 17:00:38] ➡️ Player moved to (100, 244)
[2025-06-01 17:00:38] ➡️ Player moved to (100, 248)
[2025-06-01 17:00:39] ➡️ Player moved to (100, 252)
[2025-06-01 17:00:39] ➡️ Player moved to (100, 256)
[2025-06-01 17:00:39] ➡️ Player moved to (100, 260)
[2025-06-01 17:00:39] ➡️ Player moved to (100, 264)
[2025-06-01 17:00:39] ➡️ Player moved to (100, 268)
[2025-06-01 17:00:39] ➡️ Player moved to (100, 272)
[2025-06-01 17:00:39] ➡️ Player moved to (100, 276)
[2025-06-01 17:00:39] ➡️ Player moved to (100, 280)
[2025-06-01 17:00:39] ➡️ Player moved to (100, 284)
[2025-06-01 17:00:39] ➡️ Player moved to (100, 288)
[2025-06-01 17:00:39] ➡️ Player moved to (100, 292)
[2025-06-01 17:00:39] ➡️ Player moved to (100, 296)
[2025-06-01 17:00:39] ➡️ Player moved to (100, 300)
[2025-06-01 17:00:39] ➡️ Player moved to (100, 304)
[2025-06-01 17:00:39] ➡️ Player moved to (100, 308)
[2025-06-01 17:00:39] ➡️ Player moved to (100, 312)
[2025-06-01 17:00:39] ➡️ Player moved to (100, 316)
[2025-06-01 17:00:39] ➡️ Player moved to (100, 320)
[2025-06-01 17:00:39] ➡️ Player moved to (100, 324)
[2025-06-01 17:00:39] ➡️ Player moved to (100, 328)
[2025-06-01 17:00:39] ➡️ Player moved to (100, 332)
[2025-06-01 17:00:39] ➡️ Player moved to (100, 336)
[2025-06-01 17:00:39] ➡️ Player moved to (100, 340)
[2025-06-01 17:00:39] ➡️ Player moved to (100, 344)
[2025-06-01 17:00:39] ➡️ Player moved to (100, 348)
[2025-06-01 17:00:39] ➡️ Player moved to (100, 352)
[2025-06-01 17:00:39] ➡️ Player moved to (100, 356)
[2025-06-01 17:00:39] ➡️ Player moved to (100, 360)
[2025-06-01 17:00:39] ➡️ Player moved to (100, 364)
[2025-06-01 17:00:39] -ReimuHakurei- hit by enemy! Health: 1
[2025-06-01 17:00:39] ➡️ Player moved to (100, 104)
[2025-06-01 17:00:39] ➡️ Player moved to (100, 108)
[2025-06-01 17:00:39] ➡️ Player moved to (100, 112)
[2025-06-01 17:00:39] ➡️ Player moved to (100, 116)
[2025-06-01 17:00:40] ➡️ Player moved to (100, 120)
[2025-06-01 17:00:40] ➡️ Player moved to (100, 124)
[2025-06-01 17:00:40] ➡️ Player moved to (100, 128)
[2025-06-01 17:00:40] ➡️ Player moved to (100, 132)
[2025-06-01 17:00:40] ➡️ Player moved to (100, 136)
[2025-06-01 17:00:40] ➡️ Player moved to (100, 140)
[2025-06-01 17:00:40] ➡️ Player moved to (100, 144)
[2025-06-01 17:00:40] ➡️ Player moved to (100, 148)
[2025-06-01 17:00:40] ➡️ Player moved to (100, 152)
[2025-06-01 17:00:40] ➡️ Player moved to (100, 156)
[2025-06-01 17:00:40] ➡️ Player moved to (100, 160)
[2025-06-01 17:00:40] ➡️ Player moved to (100, 164)
[2025-06-01 17:00:40] ➡️ Player moved to (100, 168)
[2025-06-01 17:00:40] ➡️ Player moved to (100, 172)
[2025-06-01 17:00:40] ➡️ Player moved to (100, 176)
[2025-06-01 17:00:40] ➡️ Player moved to (100, 180)
[2025-06-01 17:00:40] ➡️ Player moved to (100, 184)
[2025-06-01 17:00:40] ➡️ Player moved to (100, 188)
[2025-06-01 17:00:40] ➡️ Player moved to (100, 192)
[2025-06-01 17:00:40] ➡️ Player moved to (100, 196)
[2025-06-01 17:00:40] ➡️ Player moved to (100, 200)
[2025-06-01 17:00:40] ➡️ Player moved to (100, 204)
[2025-06-01 17:00:40] ➡️ Player moved to (100, 208)
[2025-06-01 17:00:40] ➡️ Player moved to (100, 212)
[2025-06-01 17:00:40] ➡️ Player moved to (100, 216)
[2025-06-01 17:00:40] ➡️ Player moved to (100, 220)
[2025-06-01 17:00:40] ➡️ Player moved to (100, 224)
[2025-06-01 17:00:40] ➡️ Player moved to (100, 228)
[2025-06-01 17:00:40] ➡️ Player moved to (100, 232)
[2025-06-01 17:00:40] ➡️ Player moved to (100, 236)
[2025-06-01 17:00:40] ➡️ Player moved to (100, 240)
[2025-06-01 17:00:40] ➡️ Player moved to (100, 244)
[2025-06-01 17:00:40] ➡️ Player moved to (100, 248)
[2025-06-01 17:00:40] ➡️ Player moved to (100, 252)
[2025-06-01 17:00:40] ➡️ Player moved to (100, 256)
[2025-06-01 17:00:40] ➡️ Player moved to (100, 260)
[2025-06-01 17:00:40] ➡️ Player moved to (100, 264)
[2025-06-01 17:00:40] ➡️ Player moved to (100, 268)
[2025-06-01 17:00:40] ➡️ Player moved to (100, 272)
[2025-06-01 17:00:40] ➡️ Player moved to (100, 276)
[2025-06-01 17:00:40] ➡️ Player moved to (100, 280)
[2025-06-01 17:00:40] ➡️ Player moved to (100, 284)
[2025-06-01 17:00:40] ➡️ Player moved to (100, 288)
[2025-06-01 17:00:40] ➡️ Player moved to (100, 292)
[2025-06-01 17:00:40] ➡️ Player moved to (100, 296)
[2025-06-01 17:00:40] ➡️ Player moved to (100, 300)
[2025-06-01 17:00:40] ➡️ Player moved to (100, 304)
[2025-06-01 17:00:40] ➡️ Player moved to (100, 308)
[2025-06-01 17:00:41] ➡️ Player moved to (100, 312)
[2025-06-01 17:00:41] ➡️ Player moved to (100, 316)
[2025-06-01 17:00:41] ➡️ Player moved to (100, 320)
[2025-06-01 17:00:41] ➡️ Player moved to (100, 324)
[2025-06-01 17:00:41] ➡️ Player moved to (100, 328)
[2025-06-01 17:00:41] ➡️ Player moved to (100, 332)
[2025-06-01 17:00:41] ➡️ Player moved to (100, 336)
[2025-06-01 17:00:41] ➡️ Player moved to (100, 340)
[2025-06-01 17:00:41] ➡️ Player moved to (100, 344)
[2025-06-01 17:00:41] ➡️ Player moved to (100, 348)
[2025-06-01 17:00:41] ➡️ Player moved to (104, 348)
[2025-06-01 17:00:41] ➡️ Player moved to (108, 348)
[2025-06-01 17:00:41] ➡️ Player moved to (112, 348)
[2025-06-01 17:00:41] ➡️ Player moved to (116, 348)
[2025-06-01 17:00:41] ➡️ Player moved to (120, 348)
[2025-06-01 17:00:41] ➡️ Player moved to (124, 348)
[2025-06-01 17:00:41] ➡️ Player moved to (128, 348)
[2025-06-01 17:00:41] ➡️ Player moved to (132, 352)
[2025-06-01 17:00:41] ➡️ Player moved to (136, 356)
[2025-06-01 17:00:41] ➡️ Player moved to (140, 360)
[2025-06-01 17:00:41] ➡️ Player moved to (144, 364)
[2025-06-01 17:00:41] ➡️ Player moved to (148, 368)
[2025-06-01 17:00:41] ➡️ Player moved to (152, 372)
[2025-06-01 17:00:41] ➡️ Player moved to (156, 376)
[2025-06-01 17:00:41] ➡️ Player moved to (160, 376)
[2025-06-01 17:00:41] ➡️ Player moved to (164, 376)
[2025-06-01 17:00:41] ➡️ Player moved to (168, 376)
[2025-06-01 17:00:41] ➡️ Player moved to (172, 376)
[2025-06-01 17:00:41] ➡️ Player moved to (176, 376)
[2025-06-01 17:00:41] ➡️ Player moved to (180, 376)
[2025-06-01 17:00:41] ➡️ Player moved to (184, 376)
[2025-06-01 17:00:41] ➡️ Player moved to (188, 376)
[2025-06-01 17:00:41] ➡️ Player moved to (192, 376)
[2025-06-01 17:00:41] ➡️ Player moved to (196, 376)
[2025-06-01 17:00:41] ➡️ Player moved to (200, 376)
[2025-06-01 17:00:41] ➡️ Player moved to (204, 376)
[2025-06-01 17:00:41] ➡️ Player moved to (208, 376)
[2025-06-01 17:00:41] ➡️ Player moved to (212, 376)
[2025-06-01 17:00:41] ➡️ Player moved to (216, 376)
[2025-06-01 17:00:41] ➡️ Player moved to (220, 376)
[2025-06-01 17:00:41] ➡️ Player moved to (224, 376)
[2025-06-01 17:00:41] ➡️ Player moved to (228, 376)
[2025-06-01 17:00:41] ➡️ Player moved to (232, 376)
[2025-06-01 17:00:41] ➡️ Player moved to (236, 376)
[2025-06-01 17:00:41] ➡️ Player moved to (240, 376)
[2025-06-01 17:00:41] ➡️ Player moved to (244, 376)
[2025-06-01 17:00:41] ➡️ Player moved to (248, 376)
[2025-06-01 17:00:41] ➡️ Player moved to (252, 376)
[2025-06-01 17:00:41] ➡️ Player moved to (256, 376)
[2025-06-01 17:00:41] ➡️ Player moved to (260, 376)
[2025-06-01 17:00:41] ➡️ Player moved to (264, 376)
[2025-06-01 17:00:41] ➡️ Player moved to (268, 376)
[2025-06-01 17:00:41] ➡️ Player moved to (272, 376)
[2025-06-01 17:00:41] ➡️ Player moved to (276, 376)
[2025-06-01 17:00:41] ➡️ Player moved to (280, 376)
[2025-06-01 17:00:41] ➡️ Player moved to (284, 376)
[2025-06-01 17:00:41] ➡️ Player moved to (288, 376)
[2025-06-01 17:00:42] ➡️ Player moved to (292, 376)
[2025-06-01 17:00:42] ➡️ Player moved to (296, 376)
[2025-06-01 17:00:42] ➡️ Player moved to (300, 376)
[2025-06-01 17:00:42] ➡️ Player moved to (304, 376)
[2025-06-01 17:00:42] ➡️ Player moved to (308, 376)
[2025-06-01 17:00:42] ➡️ Player moved to (312, 376)
[2025-06-01 17:00:42] ➡️ Player moved to (316, 376)
[2025-06-01 17:00:42] ➡️ Player moved to (320, 376)
[2025-06-01 17:00:42] ➡️ Player moved to (324, 376)
[2025-06-01 17:00:42] ➡️ Player moved to (328, 376)
[2025-06-01 17:00:42] ➡️ Player moved to (332, 376)
[2025-06-01 17:00:42] ➡️ Player moved to (336, 376)
[2025-06-01 17:00:42] ➡️ Player moved to (340, 376)
[2025-06-01 17:00:42] ➡️ Player moved to (344, 376)
[2025-06-01 17:00:42] ➡️ Player moved to (348, 376)
[2025-06-01 17:00:42] ➡️ Player moved to (352, 376)
[2025-06-01 17:00:42] ➡️ Player moved to (356, 376)
[2025-06-01 17:00:42] ➡️ Player moved to (360, 376)
[2025-06-01 17:00:42] ➡️ Player moved to (364, 376)
[2025-06-01 17:00:42] ➡️ Player moved to (368, 376)
[2025-06-01 17:00:42] ➡️ Player moved to (372, 376)
[2025-06-01 17:00:42] ➡️ Player moved to (376, 376)
[2025-06-01 17:00:42] ➡️ Player moved to (380, 376)
[2025-06-01 17:00:42] ➡️ Player moved to (384, 376)
[2025-06-01 17:00:42] ➡️ Player moved to (388, 376)
[2025-06-01 17:00:42] ➡️ Player moved to (392, 376)
[2025-06-01 17:00:42] ➡️ Player moved to (396, 376)
[2025-06-01 17:00:42] ➡️ Player moved to (400, 376)
[2025-06-01 17:00:42] ➡️ Player moved to (404, 376)
[2025-06-01 17:00:42] ➡️ Player moved to (408, 376)
[2025-06-01 17:00:42] ➡️ Player moved to (412, 376)
[2025-06-01 17:00:42] ➡️ Player moved to (416, 376)
[2025-06-01 17:00:42] ➡️ Player moved to (420, 376)
[2025-06-01 17:00:42] ➡️ Player moved to (424, 376)
[2025-06-01 17:00:42] ➡️ Player moved to (428, 376)
[2025-06-01 17:00:42] ➡️ Player moved to (432, 376)
[2025-06-01 17:00:42] ➡️ Player moved to (436, 376)
[2025-06-01 17:00:42] ➡️ Player moved to (440, 376)
[2025-06-01 17:00:42] ➡️ Player moved to (444, 376)
[2025-06-01 17:00:42] ➡️ Player moved to (448, 376)
[2025-06-01 17:00:42] ➡️ Player moved to (452, 376)
[2025-06-01 17:00:42] ➡️ Player moved to (456, 376)
[2025-06-01 17:00:42] ➡️ Player moved to (460, 376)
[2025-06-01 17:00:42] ➡️ Player moved to (464, 376)
[2025-06-01 17:00:42] ➡️ Player moved to (468, 376)
[2025-06-01 17:00:42] ➡️ Player moved to (472, 376)
[2025-06-01 17:00:42] ➡️ Player moved to (476, 376)
[2025-06-01 17:00:42] ➡️ Player moved to (480, 376)
[2025-06-01 17:00:42] ➡️ Player moved to (484, 376)
[2025-06-01 17:00:42] ➡️ Player moved to (488, 376)
[2025-06-01 17:00:42] ➡️ Player moved to (492, 376)
[2025-06-01 17:00:42] ➡️ Player moved to (496, 376)
[2025-06-01 17:00:42] ➡️ Player moved to (500, 376)
[2025-06-01 17:00:42] ➡️ Player moved to (504, 376)
[2025-06-01 17:00:42] ➡️ Player moved to (508, 376)
[2025-06-01 17:00:42] ➡️ Player moved to (512, 376)
[2025-06-01 17:00:42] ➡️ Player moved to (516, 376)
[2025-06-01 17:00:42] ➡️ Player moved to (520, 376)
[2025-06-01 17:00:42] ➡️ Player moved to (524, 376)
[2025-06-01 17:00:43] ➡️ Player moved to (528, 376)
[2025-06-01 17:00:43] ➡️ Player moved to (532, 376)
[2025-06-01 17:00:43] ➡️ Player moved to (536, 376)
[2025-06-01 17:00:43] ➡️ Player moved to (540, 376)
[2025-06-01 17:00:43] ➡️ Player moved to (544, 376)
[2025-06-01 17:00:43] ➡️ Player moved to (548, 376)
[2025-06-01 17:00:43] ➡️ Player moved to (552, 376)
[2025-06-01 17:00:43] ➡️ Player moved to (556, 376)
[2025-06-01 17:00:43] ➡️ Player moved to (560, 376)
[2025-06-01 17:00:43] ➡️ Player moved to (564, 376)
[2025-06-01 17:00:43] ➡️ Player moved to (568, 376)
[2025-06-01 17:00:43] ➡️ Player moved to (572, 376)
[2025-06-01 17:00:43] ➡️ Player moved to (576, 376)
[2025-06-01 17:00:43] ➡️ Player moved to (580, 376)
[2025-06-01 17:00:43] ➡️ Player moved to (584, 376)
[2025-06-01 17:00:43] ➡️ Player moved to (588, 376)
[2025-06-01 17:00:43] ➡️ Player moved to (592, 376)
[2025-06-01 17:00:43] ➡️ Player moved to (596, 376)
[2025-06-01 17:00:43] ➡️ Player moved to (600, 376)
[2025-06-01 17:00:43] ➡️ Player moved to (604, 376)
[2025-06-01 17:00:43] ➡️ Player moved to (608, 376)
[2025-06-01 17:00:43] ➡️ Player moved to (612, 376)
[2025-06-01 17:00:43] ➡️ Player moved to (616, 376)
[2025-06-01 17:00:43] ➡️ Player moved to (620, 376)
[2025-06-01 17:00:43] ➡️ Player moved to (624, 376)
[2025-06-01 17:00:43] ➡️ Player moved to (628, 376)
[2025-06-01 17:00:43] -ReimuHakurei- hit by enemy! Health: 0
[2025-06-01 17:00:43] ☠️ No health — Game Over
[2025-06-01 17:00:44] Повернення у меню з Game Over сцени
[2025-06-01 17:00:46] -ReimuHakurei- has left the game
